// Jest Snapshot v1, https://goo.gl/fbAQLP

exports[`App renders without crashing 1`] = `
ShallowWrapper {
  Symbol(enzyme.__root__): [Circular],
  Symbol(enzyme.__unrendered__): <App />,
  Symbol(enzyme.__renderer__): Object {
    "batchedUpdates": [Function],
    "getNode": [Function],
    "render": [Function],
    "simulateEvent": [Function],
    "unmount": [Function],
  },
  Symbol(enzyme.__node__): Object {
    "instance": null,
    "key": undefined,
    "nodeType": "class",
    "props": Object {
      "children": Array [
        <Navbar />,
        <div
          className="container-fluid"
>
          <_class
                    options={Object {}}
          />
          <Switch>
                    <Route
                              component={[Function]}
                              exact={true}
                              path="/"
                    />
                    <GuestRoute
                              component={[Function]}
                              exact={true}
                              path="/signup"
                    />
                    <GuestRoute
                              component={
                                        Object {
                                                  "$$typeof": Symbol(react.forward_ref),
                                                  "render": [Function],
                                                }
                              }
                              exact={true}
                              path="/login"
                    />
                    <AuthRoute
                              component={[Function]}
                              exact={true}
                              path="/user"
                    />
                    <AdminRoute
                              component={[Function]}
                              exact={true}
                              path="/admin"
                    />
                    <AdminRoute
                              component={[Function]}
                              exact={true}
                              path="/adminmenu"
                    />
                    <AuthRoute
                              component={[Function]}
                              exact={true}
                              path="/usersorders"
                    />
                    <AdminRoute
                              component={[Function]}
                              exact={true}
                              path="/adminorders"
                    />
                    <AuthRoute
                              component={[Function]}
                              exact={true}
                              path="/usercart"
                    />
                    <Route
                              component={[Function]}
                              exact={true}
                    />
          </Switch>
</div>,
        <Footer />,
      ],
    },
    "ref": null,
    "rendered": Array [
      Object {
        "instance": null,
        "key": undefined,
        "nodeType": "class",
        "props": Object {},
        "ref": null,
        "rendered": null,
        "type": [Function],
      },
      Object {
        "instance": null,
        "key": undefined,
        "nodeType": "host",
        "props": Object {
          "children": Array [
            <_class
              options={Object {}}
/>,
            <Switch>
              <Route
                            component={[Function]}
                            exact={true}
                            path="/"
              />
              <GuestRoute
                            component={[Function]}
                            exact={true}
                            path="/signup"
              />
              <GuestRoute
                            component={
                                          Object {
                                                        "$$typeof": Symbol(react.forward_ref),
                                                        "render": [Function],
                                                      }
                            }
                            exact={true}
                            path="/login"
              />
              <AuthRoute
                            component={[Function]}
                            exact={true}
                            path="/user"
              />
              <AdminRoute
                            component={[Function]}
                            exact={true}
                            path="/admin"
              />
              <AdminRoute
                            component={[Function]}
                            exact={true}
                            path="/adminmenu"
              />
              <AuthRoute
                            component={[Function]}
                            exact={true}
                            path="/usersorders"
              />
              <AdminRoute
                            component={[Function]}
                            exact={true}
                            path="/adminorders"
              />
              <AuthRoute
                            component={[Function]}
                            exact={true}
                            path="/usercart"
              />
              <Route
                            component={[Function]}
                            exact={true}
              />
</Switch>,
          ],
          "className": "container-fluid",
        },
        "ref": null,
        "rendered": Array [
          Object {
            "instance": null,
            "key": undefined,
            "nodeType": "class",
            "props": Object {
              "options": Object {},
            },
            "ref": null,
            "rendered": null,
            "type": [Function],
          },
          Object {
            "instance": null,
            "key": undefined,
            "nodeType": "class",
            "props": Object {
              "children": Array [
                <Route
                  component={[Function]}
                  exact={true}
                  path="/"
/>,
                <GuestRoute
                  component={[Function]}
                  exact={true}
                  path="/signup"
/>,
                <GuestRoute
                  component={
                                    Object {
                                                      "$$typeof": Symbol(react.forward_ref),
                                                      "render": [Function],
                                                    }
                  }
                  exact={true}
                  path="/login"
/>,
                <AuthRoute
                  component={[Function]}
                  exact={true}
                  path="/user"
/>,
                <AdminRoute
                  component={[Function]}
                  exact={true}
                  path="/admin"
/>,
                <AdminRoute
                  component={[Function]}
                  exact={true}
                  path="/adminmenu"
/>,
                <AuthRoute
                  component={[Function]}
                  exact={true}
                  path="/usersorders"
/>,
                <AdminRoute
                  component={[Function]}
                  exact={true}
                  path="/adminorders"
/>,
                <AuthRoute
                  component={[Function]}
                  exact={true}
                  path="/usercart"
/>,
                <Route
                  component={[Function]}
                  exact={true}
/>,
              ],
            },
            "ref": null,
            "rendered": Array [
              Object {
                "instance": null,
                "key": undefined,
                "nodeType": "class",
                "props": Object {
                  "component": [Function],
                  "exact": true,
                  "path": "/",
                },
                "ref": null,
                "rendered": null,
                "type": [Function],
              },
              Object {
                "instance": null,
                "key": undefined,
                "nodeType": "function",
                "props": Object {
                  "component": [Function],
                  "exact": true,
                  "path": "/signup",
                },
                "ref": null,
                "rendered": null,
                "type": [Function],
              },
              Object {
                "instance": null,
                "key": undefined,
                "nodeType": "function",
                "props": Object {
                  "component": Object {
                    "$$typeof": Symbol(react.forward_ref),
                    "render": [Function],
                  },
                  "exact": true,
                  "path": "/login",
                },
                "ref": null,
                "rendered": null,
                "type": [Function],
              },
              Object {
                "instance": null,
                "key": undefined,
                "nodeType": "function",
                "props": Object {
                  "component": [Function],
                  "exact": true,
                  "path": "/user",
                },
                "ref": null,
                "rendered": null,
                "type": [Function],
              },
              Object {
                "instance": null,
                "key": undefined,
                "nodeType": "function",
                "props": Object {
                  "component": [Function],
                  "exact": true,
                  "path": "/admin",
                },
                "ref": null,
                "rendered": null,
                "type": [Function],
              },
              Object {
                "instance": null,
                "key": undefined,
                "nodeType": "function",
                "props": Object {
                  "component": [Function],
                  "exact": true,
                  "path": "/adminmenu",
                },
                "ref": null,
                "rendered": null,
                "type": [Function],
              },
              Object {
                "instance": null,
                "key": undefined,
                "nodeType": "function",
                "props": Object {
                  "component": [Function],
                  "exact": true,
                  "path": "/usersorders",
                },
                "ref": null,
                "rendered": null,
                "type": [Function],
              },
              Object {
                "instance": null,
                "key": undefined,
                "nodeType": "function",
                "props": Object {
                  "component": [Function],
                  "exact": true,
                  "path": "/adminorders",
                },
                "ref": null,
                "rendered": null,
                "type": [Function],
              },
              Object {
                "instance": null,
                "key": undefined,
                "nodeType": "function",
                "props": Object {
                  "component": [Function],
                  "exact": true,
                  "path": "/usercart",
                },
                "ref": null,
                "rendered": null,
                "type": [Function],
              },
              Object {
                "instance": null,
                "key": undefined,
                "nodeType": "class",
                "props": Object {
                  "component": [Function],
                  "exact": true,
                },
                "ref": null,
                "rendered": null,
                "type": [Function],
              },
            ],
            "type": [Function],
          },
        ],
        "type": "div",
      },
      Object {
        "instance": null,
        "key": undefined,
        "nodeType": "function",
        "props": Object {},
        "ref": null,
        "rendered": null,
        "type": [Function],
      },
    ],
    "type": [Function],
  },
  Symbol(enzyme.__nodes__): Array [
    Object {
      "instance": null,
      "key": undefined,
      "nodeType": "class",
      "props": Object {
        "children": Array [
          <Navbar />,
          <div
            className="container-fluid"
>
            <_class
                        options={Object {}}
            />
            <Switch>
                        <Route
                                    component={[Function]}
                                    exact={true}
                                    path="/"
                        />
                        <GuestRoute
                                    component={[Function]}
                                    exact={true}
                                    path="/signup"
                        />
                        <GuestRoute
                                    component={
                                                Object {
                                                            "$$typeof": Symbol(react.forward_ref),
                                                            "render": [Function],
                                                          }
                                    }
                                    exact={true}
                                    path="/login"
                        />
                        <AuthRoute
                                    component={[Function]}
                                    exact={true}
                                    path="/user"
                        />
                        <AdminRoute
                                    component={[Function]}
                                    exact={true}
                                    path="/admin"
                        />
                        <AdminRoute
                                    component={[Function]}
                                    exact={true}
                                    path="/adminmenu"
                        />
                        <AuthRoute
                                    component={[Function]}
                                    exact={true}
                                    path="/usersorders"
                        />
                        <AdminRoute
                                    component={[Function]}
                                    exact={true}
                                    path="/adminorders"
                        />
                        <AuthRoute
                                    component={[Function]}
                                    exact={true}
                                    path="/usercart"
                        />
                        <Route
                                    component={[Function]}
                                    exact={true}
                        />
            </Switch>
</div>,
          <Footer />,
        ],
      },
      "ref": null,
      "rendered": Array [
        Object {
          "instance": null,
          "key": undefined,
          "nodeType": "class",
          "props": Object {},
          "ref": null,
          "rendered": null,
          "type": [Function],
        },
        Object {
          "instance": null,
          "key": undefined,
          "nodeType": "host",
          "props": Object {
            "children": Array [
              <_class
                options={Object {}}
/>,
              <Switch>
                <Route
                                component={[Function]}
                                exact={true}
                                path="/"
                />
                <GuestRoute
                                component={[Function]}
                                exact={true}
                                path="/signup"
                />
                <GuestRoute
                                component={
                                                Object {
                                                                "$$typeof": Symbol(react.forward_ref),
                                                                "render": [Function],
                                                              }
                                }
                                exact={true}
                                path="/login"
                />
                <AuthRoute
                                component={[Function]}
                                exact={true}
                                path="/user"
                />
                <AdminRoute
                                component={[Function]}
                                exact={true}
                                path="/admin"
                />
                <AdminRoute
                                component={[Function]}
                                exact={true}
                                path="/adminmenu"
                />
                <AuthRoute
                                component={[Function]}
                                exact={true}
                                path="/usersorders"
                />
                <AdminRoute
                                component={[Function]}
                                exact={true}
                                path="/adminorders"
                />
                <AuthRoute
                                component={[Function]}
                                exact={true}
                                path="/usercart"
                />
                <Route
                                component={[Function]}
                                exact={true}
                />
</Switch>,
            ],
            "className": "container-fluid",
          },
          "ref": null,
          "rendered": Array [
            Object {
              "instance": null,
              "key": undefined,
              "nodeType": "class",
              "props": Object {
                "options": Object {},
              },
              "ref": null,
              "rendered": null,
              "type": [Function],
            },
            Object {
              "instance": null,
              "key": undefined,
              "nodeType": "class",
              "props": Object {
                "children": Array [
                  <Route
                    component={[Function]}
                    exact={true}
                    path="/"
/>,
                  <GuestRoute
                    component={[Function]}
                    exact={true}
                    path="/signup"
/>,
                  <GuestRoute
                    component={
                                        Object {
                                                            "$$typeof": Symbol(react.forward_ref),
                                                            "render": [Function],
                                                          }
                    }
                    exact={true}
                    path="/login"
/>,
                  <AuthRoute
                    component={[Function]}
                    exact={true}
                    path="/user"
/>,
                  <AdminRoute
                    component={[Function]}
                    exact={true}
                    path="/admin"
/>,
                  <AdminRoute
                    component={[Function]}
                    exact={true}
                    path="/adminmenu"
/>,
                  <AuthRoute
                    component={[Function]}
                    exact={true}
                    path="/usersorders"
/>,
                  <AdminRoute
                    component={[Function]}
                    exact={true}
                    path="/adminorders"
/>,
                  <AuthRoute
                    component={[Function]}
                    exact={true}
                    path="/usercart"
/>,
                  <Route
                    component={[Function]}
                    exact={true}
/>,
                ],
              },
              "ref": null,
              "rendered": Array [
                Object {
                  "instance": null,
                  "key": undefined,
                  "nodeType": "class",
                  "props": Object {
                    "component": [Function],
                    "exact": true,
                    "path": "/",
                  },
                  "ref": null,
                  "rendered": null,
                  "type": [Function],
                },
                Object {
                  "instance": null,
                  "key": undefined,
                  "nodeType": "function",
                  "props": Object {
                    "component": [Function],
                    "exact": true,
                    "path": "/signup",
                  },
                  "ref": null,
                  "rendered": null,
                  "type": [Function],
                },
                Object {
                  "instance": null,
                  "key": undefined,
                  "nodeType": "function",
                  "props": Object {
                    "component": Object {
                      "$$typeof": Symbol(react.forward_ref),
                      "render": [Function],
                    },
                    "exact": true,
                    "path": "/login",
                  },
                  "ref": null,
                  "rendered": null,
                  "type": [Function],
                },
                Object {
                  "instance": null,
                  "key": undefined,
                  "nodeType": "function",
                  "props": Object {
                    "component": [Function],
                    "exact": true,
                    "path": "/user",
                  },
                  "ref": null,
                  "rendered": null,
                  "type": [Function],
                },
                Object {
                  "instance": null,
                  "key": undefined,
                  "nodeType": "function",
                  "props": Object {
                    "component": [Function],
                    "exact": true,
                    "path": "/admin",
                  },
                  "ref": null,
                  "rendered": null,
                  "type": [Function],
                },
                Object {
                  "instance": null,
                  "key": undefined,
                  "nodeType": "function",
                  "props": Object {
                    "component": [Function],
                    "exact": true,
                    "path": "/adminmenu",
                  },
                  "ref": null,
                  "rendered": null,
                  "type": [Function],
                },
                Object {
                  "instance": null,
                  "key": undefined,
                  "nodeType": "function",
                  "props": Object {
                    "component": [Function],
                    "exact": true,
                    "path": "/usersorders",
                  },
                  "ref": null,
                  "rendered": null,
                  "type": [Function],
                },
                Object {
                  "instance": null,
                  "key": undefined,
                  "nodeType": "function",
                  "props": Object {
                    "component": [Function],
                    "exact": true,
                    "path": "/adminorders",
                  },
                  "ref": null,
                  "rendered": null,
                  "type": [Function],
                },
                Object {
                  "instance": null,
                  "key": undefined,
                  "nodeType": "function",
                  "props": Object {
                    "component": [Function],
                    "exact": true,
                    "path": "/usercart",
                  },
                  "ref": null,
                  "rendered": null,
                  "type": [Function],
                },
                Object {
                  "instance": null,
                  "key": undefined,
                  "nodeType": "class",
                  "props": Object {
                    "component": [Function],
                    "exact": true,
                  },
                  "ref": null,
                  "rendered": null,
                  "type": [Function],
                },
              ],
              "type": [Function],
            },
          ],
          "type": "div",
        },
        Object {
          "instance": null,
          "key": undefined,
          "nodeType": "function",
          "props": Object {},
          "ref": null,
          "rendered": null,
          "type": [Function],
        },
      ],
      "type": [Function],
    },
  ],
  Symbol(enzyme.__options__): Object {
    "adapter": ReactSixteenAdapter {
      "options": Object {
        "enableComponentDidUpdateOnSetState": true,
        "lifecycles": Object {
          "componentDidUpdate": Object {
            "onSetState": true,
          },
          "getSnapshotBeforeUpdate": true,
        },
      },
    },
    "attachTo": undefined,
    "hydrateIn": undefined,
  },
}
`;
