// Jest Snapshot v1, https://goo.gl/fbAQLP

exports[`app context api should render correctly 1`] = `
ShallowWrapper {
  Symbol(enzyme.__root__): [Circular],
  Symbol(enzyme.__unrendered__): <AppProvider />,
  Symbol(enzyme.__renderer__): Object {
    "batchedUpdates": [Function],
    "getNode": [Function],
    "render": [Function],
    "simulateEvent": [Function],
    "unmount": [Function],
  },
  Symbol(enzyme.__node__): Object {
    "instance": null,
    "key": undefined,
    "nodeType": "function",
    "props": Object {
      "children": undefined,
      "value": Object {
        "cartItems": Array [],
        "clearCart": [Function],
        "deleteFromCart": [Function],
        "email": "test@test.com",
        "getCart": [Function],
        "isAdmin": true,
        "isLoggedIn": true,
        "isUser": false,
        "login": [Function],
        "logout": [Function],
        "setCart": [Function],
        "setQuantity": [Function],
      },
    },
    "ref": null,
    "rendered": null,
    "type": Object {
      "$$typeof": Symbol(react.provider),
      "_context": Object {
        "$$typeof": Symbol(react.context),
        "Consumer": [Circular],
        "Provider": [Circular],
        "_calculateChangedBits": null,
        "_changedBits": 0,
        "_changedBits2": 0,
        "_currentRenderer": null,
        "_currentRenderer2": null,
        "_currentValue": undefined,
        "_currentValue2": undefined,
        "_defaultValue": undefined,
      },
    },
  },
  Symbol(enzyme.__nodes__): Array [
    Object {
      "instance": null,
      "key": undefined,
      "nodeType": "function",
      "props": Object {
        "children": undefined,
        "value": Object {
          "cartItems": Array [],
          "clearCart": [Function],
          "deleteFromCart": [Function],
          "email": "test@test.com",
          "getCart": [Function],
          "isAdmin": true,
          "isLoggedIn": true,
          "isUser": false,
          "login": [Function],
          "logout": [Function],
          "setCart": [Function],
          "setQuantity": [Function],
        },
      },
      "ref": null,
      "rendered": null,
      "type": Object {
        "$$typeof": Symbol(react.provider),
        "_context": Object {
          "$$typeof": Symbol(react.context),
          "Consumer": [Circular],
          "Provider": [Circular],
          "_calculateChangedBits": null,
          "_changedBits": 0,
          "_changedBits2": 0,
          "_currentRenderer": null,
          "_currentRenderer2": null,
          "_currentValue": undefined,
          "_currentValue2": undefined,
          "_defaultValue": undefined,
        },
      },
    },
  ],
  Symbol(enzyme.__options__): Object {
    "adapter": ReactSixteenAdapter {
      "options": Object {
        "enableComponentDidUpdateOnSetState": true,
        "lifecycles": Object {
          "componentDidUpdate": Object {
            "onSetState": true,
          },
          "getSnapshotBeforeUpdate": true,
        },
      },
    },
    "attachTo": undefined,
    "hydrateIn": undefined,
  },
}
`;
