// Jest Snapshot v1, https://goo.gl/fbAQLP

exports[`AdminMenuCard component should render correctly 1`] = `
ShallowWrapper {
  Symbol(enzyme.__root__): [Circular],
  Symbol(enzyme.__unrendered__): <Menu />,
  Symbol(enzyme.__renderer__): Object {
    "batchedUpdates": [Function],
    "getNode": [Function],
    "render": [Function],
    "simulateEvent": [Function],
    "unmount": [Function],
  },
  Symbol(enzyme.__node__): Object {
    "instance": null,
    "key": undefined,
    "nodeType": "host",
    "props": Object {
      "children": <div
        className="card-body text-center"
>
        <div
                className="card-text"
        >
                 
        </div>
        <div
                className="card-text"
        />
        <hr />
        <button
                className="fa fa-trash icon mealcard"
                data-target="#deleteFromMenuModalundefined"
                data-toggle="modal"
                title="delete meal"
                to="#"
        />
        <DeleteMealFromMenu
                ConfirmDeleteMeal={undefined}
                id={undefined}
                mealName={undefined}
        />
</div>,
      "className": "card mb-2 meal",
    },
    "ref": null,
    "rendered": Object {
      "instance": null,
      "key": undefined,
      "nodeType": "host",
      "props": Object {
        "children": Array [
          <div
            className="card-text"
>
             
</div>,
          <div
            className="card-text"
/>,
          <hr />,
          <button
            className="fa fa-trash icon mealcard"
            data-target="#deleteFromMenuModalundefined"
            data-toggle="modal"
            title="delete meal"
            to="#"
/>,
          <DeleteMealFromMenu
            ConfirmDeleteMeal={undefined}
            id={undefined}
            mealName={undefined}
/>,
        ],
        "className": "card-body text-center",
      },
      "ref": null,
      "rendered": Array [
        Object {
          "instance": null,
          "key": undefined,
          "nodeType": "host",
          "props": Object {
            "children": Array [
              " ",
              undefined,
            ],
            "className": "card-text",
          },
          "ref": null,
          "rendered": Array [
            " ",
            undefined,
          ],
          "type": "div",
        },
        Object {
          "instance": null,
          "key": undefined,
          "nodeType": "host",
          "props": Object {
            "children": undefined,
            "className": "card-text",
          },
          "ref": null,
          "rendered": null,
          "type": "div",
        },
        Object {
          "instance": null,
          "key": undefined,
          "nodeType": "host",
          "props": Object {},
          "ref": null,
          "rendered": null,
          "type": "hr",
        },
        Object {
          "instance": null,
          "key": undefined,
          "nodeType": "host",
          "props": Object {
            "className": "fa fa-trash icon mealcard",
            "data-target": "#deleteFromMenuModalundefined",
            "data-toggle": "modal",
            "title": "delete meal",
            "to": "#",
          },
          "ref": null,
          "rendered": null,
          "type": "button",
        },
        Object {
          "instance": null,
          "key": undefined,
          "nodeType": "function",
          "props": Object {
            "ConfirmDeleteMeal": undefined,
            "id": undefined,
            "mealName": undefined,
          },
          "ref": null,
          "rendered": null,
          "type": [Function],
        },
      ],
      "type": "div",
    },
    "type": "div",
  },
  Symbol(enzyme.__nodes__): Array [
    Object {
      "instance": null,
      "key": undefined,
      "nodeType": "host",
      "props": Object {
        "children": <div
          className="card-body text-center"
>
          <div
                    className="card-text"
          >
                     
          </div>
          <div
                    className="card-text"
          />
          <hr />
          <button
                    className="fa fa-trash icon mealcard"
                    data-target="#deleteFromMenuModalundefined"
                    data-toggle="modal"
                    title="delete meal"
                    to="#"
          />
          <DeleteMealFromMenu
                    ConfirmDeleteMeal={undefined}
                    id={undefined}
                    mealName={undefined}
          />
</div>,
        "className": "card mb-2 meal",
      },
      "ref": null,
      "rendered": Object {
        "instance": null,
        "key": undefined,
        "nodeType": "host",
        "props": Object {
          "children": Array [
            <div
              className="card-text"
>
               
</div>,
            <div
              className="card-text"
/>,
            <hr />,
            <button
              className="fa fa-trash icon mealcard"
              data-target="#deleteFromMenuModalundefined"
              data-toggle="modal"
              title="delete meal"
              to="#"
/>,
            <DeleteMealFromMenu
              ConfirmDeleteMeal={undefined}
              id={undefined}
              mealName={undefined}
/>,
          ],
          "className": "card-body text-center",
        },
        "ref": null,
        "rendered": Array [
          Object {
            "instance": null,
            "key": undefined,
            "nodeType": "host",
            "props": Object {
              "children": Array [
                " ",
                undefined,
              ],
              "className": "card-text",
            },
            "ref": null,
            "rendered": Array [
              " ",
              undefined,
            ],
            "type": "div",
          },
          Object {
            "instance": null,
            "key": undefined,
            "nodeType": "host",
            "props": Object {
              "children": undefined,
              "className": "card-text",
            },
            "ref": null,
            "rendered": null,
            "type": "div",
          },
          Object {
            "instance": null,
            "key": undefined,
            "nodeType": "host",
            "props": Object {},
            "ref": null,
            "rendered": null,
            "type": "hr",
          },
          Object {
            "instance": null,
            "key": undefined,
            "nodeType": "host",
            "props": Object {
              "className": "fa fa-trash icon mealcard",
              "data-target": "#deleteFromMenuModalundefined",
              "data-toggle": "modal",
              "title": "delete meal",
              "to": "#",
            },
            "ref": null,
            "rendered": null,
            "type": "button",
          },
          Object {
            "instance": null,
            "key": undefined,
            "nodeType": "function",
            "props": Object {
              "ConfirmDeleteMeal": undefined,
              "id": undefined,
              "mealName": undefined,
            },
            "ref": null,
            "rendered": null,
            "type": [Function],
          },
        ],
        "type": "div",
      },
      "type": "div",
    },
  ],
  Symbol(enzyme.__options__): Object {
    "adapter": ReactSixteenAdapter {
      "options": Object {
        "enableComponentDidUpdateOnSetState": true,
        "lifecycles": Object {
          "componentDidUpdate": Object {
            "onSetState": true,
          },
          "getSnapshotBeforeUpdate": true,
        },
      },
    },
    "attachTo": undefined,
    "hydrateIn": undefined,
  },
}
`;
