// Jest Snapshot v1, https://goo.gl/fbAQLP

exports[`UserCart component renders successfully 1`] = `
ShallowWrapper {
  Symbol(enzyme.__root__): [Circular],
  Symbol(enzyme.__unrendered__): <UserMenuItem
    handleAddCart={[Function]}
/>,
  Symbol(enzyme.__renderer__): Object {
    "batchedUpdates": [Function],
    "getNode": [Function],
    "render": [Function],
    "simulateEvent": [Function],
    "unmount": [Function],
  },
  Symbol(enzyme.__node__): Object {
    "instance": null,
    "key": undefined,
    "nodeType": "host",
    "props": Object {
      "children": <div
        className="row menuitem"
>
        <div
                className="col-sm-6"
        >
                <p />
        </div>
        <div
                className="col-sm-3"
        >
                <p>
                        <span
                                className="badge badge-secondary"
                        />
                </p>
        </div>
        <div
                className="col-sm-3"
        >
                <p>
                        <button
                                className="btn add"
                                onClick={[Function]}
                                title="add to cart"
                                to="#"
                        >
                                Add to Cart
                        </button>
                </p>
        </div>
</div>,
      "className": "menu-item",
    },
    "ref": null,
    "rendered": Object {
      "instance": null,
      "key": undefined,
      "nodeType": "host",
      "props": Object {
        "children": Array [
          <div
            className="col-sm-6"
>
            <p />
</div>,
          <div
            className="col-sm-3"
>
            <p>
                        <span
                                    className="badge badge-secondary"
                        />
            </p>
</div>,
          <div
            className="col-sm-3"
>
            <p>
                        <button
                                    className="btn add"
                                    onClick={[Function]}
                                    title="add to cart"
                                    to="#"
                        >
                                    Add to Cart
                        </button>
            </p>
</div>,
        ],
        "className": "row menuitem",
      },
      "ref": null,
      "rendered": Array [
        Object {
          "instance": null,
          "key": undefined,
          "nodeType": "host",
          "props": Object {
            "children": <p />,
            "className": "col-sm-6",
          },
          "ref": null,
          "rendered": Object {
            "instance": null,
            "key": undefined,
            "nodeType": "host",
            "props": Object {
              "children": undefined,
            },
            "ref": null,
            "rendered": null,
            "type": "p",
          },
          "type": "div",
        },
        Object {
          "instance": null,
          "key": undefined,
          "nodeType": "host",
          "props": Object {
            "children": <p>
              <span
                            className="badge badge-secondary"
              />
</p>,
            "className": "col-sm-3",
          },
          "ref": null,
          "rendered": Object {
            "instance": null,
            "key": undefined,
            "nodeType": "host",
            "props": Object {
              "children": <span
                className="badge badge-secondary"
/>,
            },
            "ref": null,
            "rendered": Object {
              "instance": null,
              "key": undefined,
              "nodeType": "host",
              "props": Object {
                "children": undefined,
                "className": "badge badge-secondary",
              },
              "ref": null,
              "rendered": null,
              "type": "span",
            },
            "type": "p",
          },
          "type": "div",
        },
        Object {
          "instance": null,
          "key": undefined,
          "nodeType": "host",
          "props": Object {
            "children": <p>
              <button
                            className="btn add"
                            onClick={[Function]}
                            title="add to cart"
                            to="#"
              >
                            Add to Cart
              </button>
</p>,
            "className": "col-sm-3",
          },
          "ref": null,
          "rendered": Object {
            "instance": null,
            "key": undefined,
            "nodeType": "host",
            "props": Object {
              "children": <button
                className="btn add"
                onClick={[Function]}
                title="add to cart"
                to="#"
>
                Add to Cart
</button>,
            },
            "ref": null,
            "rendered": Object {
              "instance": null,
              "key": undefined,
              "nodeType": "host",
              "props": Object {
                "children": "Add to Cart",
                "className": "btn add",
                "onClick": [Function],
                "title": "add to cart",
                "to": "#",
              },
              "ref": null,
              "rendered": "Add to Cart",
              "type": "button",
            },
            "type": "p",
          },
          "type": "div",
        },
      ],
      "type": "div",
    },
    "type": "div",
  },
  Symbol(enzyme.__nodes__): Array [
    Object {
      "instance": null,
      "key": undefined,
      "nodeType": "host",
      "props": Object {
        "children": <div
          className="row menuitem"
>
          <div
                    className="col-sm-6"
          >
                    <p />
          </div>
          <div
                    className="col-sm-3"
          >
                    <p>
                              <span
                                        className="badge badge-secondary"
                              />
                    </p>
          </div>
          <div
                    className="col-sm-3"
          >
                    <p>
                              <button
                                        className="btn add"
                                        onClick={[Function]}
                                        title="add to cart"
                                        to="#"
                              >
                                        Add to Cart
                              </button>
                    </p>
          </div>
</div>,
        "className": "menu-item",
      },
      "ref": null,
      "rendered": Object {
        "instance": null,
        "key": undefined,
        "nodeType": "host",
        "props": Object {
          "children": Array [
            <div
              className="col-sm-6"
>
              <p />
</div>,
            <div
              className="col-sm-3"
>
              <p>
                            <span
                                          className="badge badge-secondary"
                            />
              </p>
</div>,
            <div
              className="col-sm-3"
>
              <p>
                            <button
                                          className="btn add"
                                          onClick={[Function]}
                                          title="add to cart"
                                          to="#"
                            >
                                          Add to Cart
                            </button>
              </p>
</div>,
          ],
          "className": "row menuitem",
        },
        "ref": null,
        "rendered": Array [
          Object {
            "instance": null,
            "key": undefined,
            "nodeType": "host",
            "props": Object {
              "children": <p />,
              "className": "col-sm-6",
            },
            "ref": null,
            "rendered": Object {
              "instance": null,
              "key": undefined,
              "nodeType": "host",
              "props": Object {
                "children": undefined,
              },
              "ref": null,
              "rendered": null,
              "type": "p",
            },
            "type": "div",
          },
          Object {
            "instance": null,
            "key": undefined,
            "nodeType": "host",
            "props": Object {
              "children": <p>
                <span
                                className="badge badge-secondary"
                />
</p>,
              "className": "col-sm-3",
            },
            "ref": null,
            "rendered": Object {
              "instance": null,
              "key": undefined,
              "nodeType": "host",
              "props": Object {
                "children": <span
                  className="badge badge-secondary"
/>,
              },
              "ref": null,
              "rendered": Object {
                "instance": null,
                "key": undefined,
                "nodeType": "host",
                "props": Object {
                  "children": undefined,
                  "className": "badge badge-secondary",
                },
                "ref": null,
                "rendered": null,
                "type": "span",
              },
              "type": "p",
            },
            "type": "div",
          },
          Object {
            "instance": null,
            "key": undefined,
            "nodeType": "host",
            "props": Object {
              "children": <p>
                <button
                                className="btn add"
                                onClick={[Function]}
                                title="add to cart"
                                to="#"
                >
                                Add to Cart
                </button>
</p>,
              "className": "col-sm-3",
            },
            "ref": null,
            "rendered": Object {
              "instance": null,
              "key": undefined,
              "nodeType": "host",
              "props": Object {
                "children": <button
                  className="btn add"
                  onClick={[Function]}
                  title="add to cart"
                  to="#"
>
                  Add to Cart
</button>,
              },
              "ref": null,
              "rendered": Object {
                "instance": null,
                "key": undefined,
                "nodeType": "host",
                "props": Object {
                  "children": "Add to Cart",
                  "className": "btn add",
                  "onClick": [Function],
                  "title": "add to cart",
                  "to": "#",
                },
                "ref": null,
                "rendered": "Add to Cart",
                "type": "button",
              },
              "type": "p",
            },
            "type": "div",
          },
        ],
        "type": "div",
      },
      "type": "div",
    },
  ],
  Symbol(enzyme.__options__): Object {
    "adapter": ReactSixteenAdapter {
      "options": Object {
        "enableComponentDidUpdateOnSetState": true,
        "lifecycles": Object {
          "componentDidUpdate": Object {
            "onSetState": true,
          },
          "getSnapshotBeforeUpdate": true,
        },
      },
    },
    "attachTo": undefined,
    "hydrateIn": undefined,
  },
}
`;
