// Jest Snapshot v1, https://goo.gl/fbAQLP

exports[`UserDashboard component renders successfully 1`] = `
ShallowWrapper {
  Symbol(enzyme.__root__): [Circular],
  Symbol(enzyme.__unrendered__): <UserDashboard
    context={
        Object {
            "setCart": [Function],
          }
    }
/>,
  Symbol(enzyme.__renderer__): Object {
    "batchedUpdates": [Function],
    "getNode": [Function],
    "render": [Function],
    "simulateEvent": [Function],
    "unmount": [Function],
  },
  Symbol(enzyme.__node__): Object {
    "instance": null,
    "key": undefined,
    "nodeType": "host",
    "props": Object {
      "children": Array [
        <Unknown
          getMenu={[Function]}
/>,
        <div
          className="col-md-10"
>
          <h4
                    className="header text-center"
          >
                    Monday
                    's Menus
          </h4>
          <Unknown
                    component="div"
                    loaded={false}
                    loadedClassName="loadedContent"
                    parentClassName="loader"
          >
                    <div>
                              <div>
                                        No Menu Found
                              </div>
                    </div>
          </Unknown>
</div>,
      ],
      "className": "row",
    },
    "ref": null,
    "rendered": Array [
      Object {
        "instance": null,
        "key": undefined,
        "nodeType": "function",
        "props": Object {
          "getMenu": [Function],
        },
        "ref": null,
        "rendered": null,
        "type": [Function],
      },
      Object {
        "instance": null,
        "key": undefined,
        "nodeType": "host",
        "props": Object {
          "children": Array [
            <h4
              className="header text-center"
>
              Monday
              's Menus
</h4>,
            <Unknown
              component="div"
              loaded={false}
              loadedClassName="loadedContent"
              parentClassName="loader"
>
              <div>
                            <div>
                                          No Menu Found
                            </div>
              </div>
</Unknown>,
          ],
          "className": "col-md-10",
        },
        "ref": null,
        "rendered": Array [
          Object {
            "instance": null,
            "key": undefined,
            "nodeType": "host",
            "props": Object {
              "children": Array [
                "Monday",
                "'s Menus",
              ],
              "className": "header text-center",
            },
            "ref": null,
            "rendered": Array [
              "Monday",
              "'s Menus",
            ],
            "type": "h4",
          },
          Object {
            "instance": null,
            "key": undefined,
            "nodeType": "class",
            "props": Object {
              "children": <div>
                <div>
                                No Menu Found
                </div>
</div>,
              "component": "div",
              "loaded": false,
              "loadedClassName": "loadedContent",
              "parentClassName": "loader",
            },
            "ref": null,
            "rendered": Object {
              "instance": null,
              "key": undefined,
              "nodeType": "host",
              "props": Object {
                "children": <div>
                  No Menu Found
</div>,
              },
              "ref": null,
              "rendered": Object {
                "instance": null,
                "key": undefined,
                "nodeType": "host",
                "props": Object {
                  "children": "No Menu Found",
                },
                "ref": null,
                "rendered": "No Menu Found",
                "type": "div",
              },
              "type": "div",
            },
            "type": [Function],
          },
        ],
        "type": "div",
      },
    ],
    "type": "div",
  },
  Symbol(enzyme.__nodes__): Array [
    Object {
      "instance": null,
      "key": undefined,
      "nodeType": "host",
      "props": Object {
        "children": Array [
          <Unknown
            getMenu={[Function]}
/>,
          <div
            className="col-md-10"
>
            <h4
                        className="header text-center"
            >
                        Monday
                        's Menus
            </h4>
            <Unknown
                        component="div"
                        loaded={false}
                        loadedClassName="loadedContent"
                        parentClassName="loader"
            >
                        <div>
                                    <div>
                                                No Menu Found
                                    </div>
                        </div>
            </Unknown>
</div>,
        ],
        "className": "row",
      },
      "ref": null,
      "rendered": Array [
        Object {
          "instance": null,
          "key": undefined,
          "nodeType": "function",
          "props": Object {
            "getMenu": [Function],
          },
          "ref": null,
          "rendered": null,
          "type": [Function],
        },
        Object {
          "instance": null,
          "key": undefined,
          "nodeType": "host",
          "props": Object {
            "children": Array [
              <h4
                className="header text-center"
>
                Monday
                's Menus
</h4>,
              <Unknown
                component="div"
                loaded={false}
                loadedClassName="loadedContent"
                parentClassName="loader"
>
                <div>
                                <div>
                                                No Menu Found
                                </div>
                </div>
</Unknown>,
            ],
            "className": "col-md-10",
          },
          "ref": null,
          "rendered": Array [
            Object {
              "instance": null,
              "key": undefined,
              "nodeType": "host",
              "props": Object {
                "children": Array [
                  "Monday",
                  "'s Menus",
                ],
                "className": "header text-center",
              },
              "ref": null,
              "rendered": Array [
                "Monday",
                "'s Menus",
              ],
              "type": "h4",
            },
            Object {
              "instance": null,
              "key": undefined,
              "nodeType": "class",
              "props": Object {
                "children": <div>
                  <div>
                                    No Menu Found
                  </div>
</div>,
                "component": "div",
                "loaded": false,
                "loadedClassName": "loadedContent",
                "parentClassName": "loader",
              },
              "ref": null,
              "rendered": Object {
                "instance": null,
                "key": undefined,
                "nodeType": "host",
                "props": Object {
                  "children": <div>
                    No Menu Found
</div>,
                },
                "ref": null,
                "rendered": Object {
                  "instance": null,
                  "key": undefined,
                  "nodeType": "host",
                  "props": Object {
                    "children": "No Menu Found",
                  },
                  "ref": null,
                  "rendered": "No Menu Found",
                  "type": "div",
                },
                "type": "div",
              },
              "type": [Function],
            },
          ],
          "type": "div",
        },
      ],
      "type": "div",
    },
  ],
  Symbol(enzyme.__options__): Object {
    "adapter": ReactSixteenAdapter {
      "options": Object {
        "enableComponentDidUpdateOnSetState": true,
        "lifecycles": Object {
          "componentDidUpdate": Object {
            "onSetState": true,
          },
          "getSnapshotBeforeUpdate": true,
        },
      },
    },
    "attachTo": undefined,
    "hydrateIn": undefined,
  },
}
`;
